# 3-say_my_name.txt

This is a simple function that prints a full name.
if the arguments are not strings, it will raise a TypeError.

Import:
>>> say_my_name = __import__('3-say_my_name').say_my_name

Tests:
>>> say_my_name("John", "Smith")
My name is John Smith
>>> say_my_name("Walter", "White")
My name is Walter White
>>> say_my_name("Bob")
My name is Bob 
>>> say_my_name("John", 12)
Traceback (most recent call last):
	...
TypeError: last_name must be a string
>>> say_my_name(12, "John")
Traceback (most recent call last):
	...
TypeError: first_name must be a string
